<html>
<body>
<pre>
<h1>µVision Build Log</h1>
<h2>Tool Versions:</h2>
IDE-Version: ¦ÌVision V5.15
Copyright (C) 2015 ARM Ltd and ARM Germany GmbH. All rights reserved.
License Information:  ,  , LIC=R4HJJ-U42L8-XA4DC-7SK28-IGF93-GW7M0
 
Tool Versions:
Toolchain:       MDK-ARM Professional  Version: 5.15.0
Toolchain Path:  C:\Keil_v5\ARM\ARMCC\Bin
C Compiler:      Armcc.exe V5.05 update 2 (build 169)
Assembler:       Armasm.exe V5.05 update 2 (build 169)
Linker/Locator:  ArmLink.exe V5.05 update 2 (build 169)
Library Manager: ArmAr.exe V5.05 update 2 (build 169)
Hex Converter:   FromElf.exe V5.05 update 2 (build 169)
CPU DLL:         SARMCM3.DLL V5.15.0
Dialog DLL:      DCM.DLL V1.13.2.0
Target DLL:      STLink\ST-LINKIII-KEIL_SWO.dll V2.0.15.0_KEIL
Dialog DLL:      TCM.DLL V1.14.5.0
 
<h2>Project:</h2>
C:\Projects\KnittingMachineController\KnittingMachineController\MDK-ARM\KnittingMachineController.uvprojx
Project File Date:  06/23/2016

<h2>Output:</h2>
*** Using Compiler 'V5.05 update 2 (build 169)', folder: 'C:\Keil_v5\ARM\ARMCC\Bin'
Rebuild target 'KnittingMachineController'
compiling stm32f4xx_it.c...
compiling main.c...
../Src/main.c(193): warning:  #177-D: function "MX_CRC_Init" was declared but never referenced
  static void MX_CRC_Init(void)
../Src/main.c(205): warning:  #177-D: function "MX_SDIO_SD_Init" was declared but never referenced
  static void MX_SDIO_SD_Init(void)
../Src/main.c(225): warning:  #177-D: function "MX_SPI1_Init" was declared but never referenced
  static void MX_SPI1_Init(void)
../Src/main.c(248): warning:  #177-D: function "MX_TIM1_Init" was declared but never referenced
  static void MX_TIM1_Init(void)
../Src/main.c(281): warning:  #177-D: function "MX_TIM2_Init" was declared but never referenced
  static void MX_TIM2_Init(void)
../Src/main.c(313): warning:  #177-D: function "MX_TIM3_Init" was declared but never referenced
  static void MX_TIM3_Init(void)
../Src/main.c(345): warning:  #177-D: function "MX_TIM4_Init" was declared but never referenced
  static void MX_TIM4_Init(void)
../Src/main.c(377): warning:  #177-D: function "MX_TIM5_Init" was declared but never referenced
  static void MX_TIM5_Init(void)
../Src/main.c(409): warning:  #177-D: function "MX_TIM6_Init" was declared but never referenced
  static void MX_TIM6_Init(void)
../Src/main.c(433): warning:  #177-D: function "MX_TIM7_Init" was declared but never referenced
  static void MX_TIM7_Init(void)
../Src/main.c(457): warning:  #177-D: function "MX_TIM8_Init" was declared but never referenced
  static void MX_TIM8_Init(void)
../Src/main.c: 11 warnings, 0 errors
compiling stm32f4xx_hal_msp.c...
compiling system_stm32f4xx.c...
compiling stm32f4xx_ll_sdmmc.c...
compiling stm32f4xx_hal.c...
compiling stm32f4xx_hal_tim.c...
compiling stm32f4xx_hal_pwr_ex.c...
compiling stm32f4xx_hal_pwr.c...
compiling stm32f4xx_hal_spi.c...
compiling stm32f4xx_hal_rcc_ex.c...
compiling stm32f4xx_hal_dma.c...
compiling stm32f4xx_hal_tim_ex.c...
compiling stm32f4xx_hal_dma_ex.c...
compiling stm32f4xx_hal_flash.c...
compiling stm32f4xx_hal_flash_ex.c...
compiling stm32f4xx_hal_sd.c...
compiling stm32f4xx_hal_gpio.c...
compiling stm32f4xx_hal_flash_ramfunc.c...
compiling stm32f4xx_hal_rcc.c...
compiling stm32f4xx_hal_crc.c...
compiling stm32f4xx_hal_uart.c...
compiling stm32f4xx_hal_cortex.c...
assembling startup_stm32f429xx.s...
linking...
Program Size: Code=5596 RO-data=476 RW-data=8 ZI-data=1592  
FromELF: creating hex file...
"KnittingMachineController\KnittingMachineController.axf" - 0 Error(s), 11 Warning(s).

<h2>Software Packages used:</h2>

Package Vendor: ARM
                http://www.keil.com/pack/ARM.CMSIS.4.3.0.pack
                ARM::CMSIS:CORE:4.1.0
                CMSIS (Cortex Microcontroller Software Interface Standard)
   * Component: CORE Version: 4.1.0

<h2>Collection of Component include folders:</h2>
  C:\Projects\KnittingMachineController\KnittingMachineController\MDK-ARM\RTE
  C:\Keil_v5\ARM\PACK\ARM\CMSIS\4.3.0\CMSIS\Include
  C:\Keil_v5\ARM\PACK\Keil\STM32F4xx_DFP\2.9.0\Drivers\CMSIS\Device\ST\STM32F4xx\Include

<h2>Collection of Component Files used:</h2>

   * Component: ARM::CMSIS:CORE:4.1.0
</pre>
</body>
</html>
